[11:35:16.950] [info] BetterEnchantmentEffects 0-1-0-0 loading on runtime 1-6-1170-0
[11:35:29.180] [info] kDataLoaded
[11:35:29.180] [info] settings loaded from A:\SteamLibrary\steamapps\common\Skyrim Special Edition\Data\SKSE\Plugins\BetterEnchantmentEffects.ini:
[11:35:29.181] [info]   [General]
[11:35:29.181] [info]   PlayerOnly=false
[11:35:29.181] [info]   EnableShaders=true
[11:35:29.181] [info]   ThirdPerson=true
[11:35:29.181] [info]   FirstPerson=true
[11:35:29.181] [info]   UniqueMaterial=true
[11:35:29.181] [info]   VerboseLogging=true
[11:35:29.181] [info]   AnimationFPS=60
[11:35:29.181] [info]   AnimationSpeed=1
[11:35:29.181] [info]   TextureScale=Full
[11:35:29.184] [info] recipes: 1295 editor IDs indexed (po3's Tweaks not loaded: only the engine's own)
[11:35:29.198] [info] imported recipe Skyrim-92DED for efsh 00092DED (Effects\DarkSwirls.dds) -> Data\SKSE\Plugins\BetterEnchantmentEffects\recipes\imported\Skyrim-92DED.json: reads back identical
[11:35:29.211] [info] imported recipe Skyrim-92DEC for efsh 00092DEC (Effects\VaporTile01.dds) -> Data\SKSE\Plugins\BetterEnchantmentEffects\recipes\imported\Skyrim-92DEC.json: reads back identical
[11:35:29.226] [info] imported recipe Skyrim-92DE9 for efsh 00092DE9 (Effects\DarkSwirls.dds) -> Data\SKSE\Plugins\BetterEnchantmentEffects\recipes\imported\Skyrim-92DE9.json: reads back identical
[11:35:29.240] [info] imported recipe Skyrim-92DE8 for efsh 00092DE8 (Effects\CloudTile.dds) -> Data\SKSE\Plugins\BetterEnchantmentEffects\recipes\imported\Skyrim-92DE8.json: reads back identical
[11:35:29.253] [info] imported recipe Skyrim-92DE7 for efsh 00092DE7 (Effects\VaporTile01.dds) -> Data\SKSE\Plugins\BetterEnchantmentEffects\recipes\imported\Skyrim-92DE7.json: reads back identical
[11:35:29.264] [info] imported recipe Skyrim-5D606 for efsh 0005D606 (Effects\EnchFlameProject01.dds) -> Data\SKSE\Plugins\BetterEnchantmentEffects\recipes\imported\Skyrim-5D606.json: reads back identical
[11:35:29.277] [info] imported recipe Skyrim-92DEE for efsh 00092DEE (Effects\CloudTile.dds) -> Data\SKSE\Plugins\BetterEnchantmentEffects\recipes\imported\Skyrim-92DEE.json: reads back identical
[11:35:29.289] [info] imported recipe Skyrim-1F03A for efsh 0001F03A (Effects\CloudTileFrostSmall.dds) -> Data\SKSE\Plugins\BetterEnchantmentEffects\recipes\imported\Skyrim-1F03A.json: reads back identical
[11:35:29.301] [info] imported recipe Skyrim-BCF27 for efsh 000BCF27 () -> Data\SKSE\Plugins\BetterEnchantmentEffects\recipes\imported\Skyrim-BCF27.json: reads back identical
[11:35:29.302] [info] presets: 0 mask presets
[11:35:29.302] [info] recipes: 9 loaded, 0 with errors, 0 unresolved editor IDs, 9 imported this session, folder A:\SteamLibrary\steamapps\common\Skyrim Special Edition\Data\SKSE\Plugins\BetterEnchantmentEffects\recipes
[11:35:29.303] [info] SKSE Menu Framework pages registered
[11:35:29.303] [info] event sinks registered
[11:35:29.303] [info] hooked PlayerCharacter::Update (vfunc 0xad)
[11:39:05.427] [info] kPreLoadGame
[11:39:05.427] [info] cleared 0 actor states
[11:39:05.428] [info] kPostLoadGame
[11:39:05.428] [warning] save load failed; engine effects remain paused
[11:39:15.195] [info] kNewGame
[11:39:15.195] [info] cleared 0 actor states
[11:39:15.195] [info] actor 00000014 (Prisoner): 3D not loaded, skipped
[11:39:15.364] [info] actor 00000014 (Prisoner): 3D not loaded, skipped
[11:39:15.381] [info] actor 00000014 (Prisoner): 3D not loaded, skipped
[11:40:16.178] [info] PBR material layout check passed
[11:40:16.367] [info] TextureLab: ready (runtime layer textures)
[11:40:16.370] [info] apply armor 000C5D11 actor 000DCFF3 geometry 'robes' material=private shell (PBR copy, additive, skin cloned, buffers shared, emissive storage cloned, inflation own skin data (copied))
[11:40:16.370] [info] actor 000DCFF3 (Novice Storm Mage): 1 piece(s), 1 recipe(s) applied
[11:40:16.370] [info] actor 000DCFF3: retired 1 recipe(s)
[11:40:16.370] [info] apply armor 000C5D11 actor 000DCFF3 geometry 'robes' material=private shell (PBR copy, additive, skin cloned, buffers shared, emissive storage cloned, inflation own skin data (copied))
[11:40:16.371] [info] actor 000DCFF3 (Novice Storm Mage): 1 piece(s), 1 recipe(s) applied
[11:40:16.443] [info] actor 000DCFF3: retired 1 recipe(s)
[11:40:16.451] [info] apply armor 000C5D11 actor 000DCFF3 geometry 'robes' material=private shell (PBR copy, additive, skin cloned, buffers shared, emissive storage cloned, inflation own skin data (copied))
[11:40:16.451] [info] actor 000DCFF3 (Novice Storm Mage): 1 piece(s), 1 recipe(s) applied
[11:40:16.451] [info] actor 000FD82D (Stormcloak Soldier): 3D not loaded, skipped
[11:40:16.451] [info] actor 000FD82F (Stormcloak Soldier): 3D not loaded, skipped
[11:40:16.451] [info] actor 000FD82E (Stormcloak Soldier): 3D not loaded, skipped
[11:40:16.460] [info] actor 000FD82D (Stormcloak Soldier): 3D not loaded, skipped
[11:40:16.460] [info] actor 000FD82D (Stormcloak Soldier): 3D not loaded, skipped
[11:40:16.901] [info] actor FF00095A (Farmer): 3D not loaded, skipped
[11:40:16.901] [info] actor FF00095A (Farmer): 3D not loaded, skipped
[11:41:33.017] [info] apply armor 040291BA actor 00000014 geometry ' (0403A2CC)[0]/ (040291BA) [75%]' material=private shell (PBR copy, additive, skin cloned, buffers shared, emissive storage cloned, inflation own skin data (copied))
[11:41:33.018] [info] apply armor 040291BA actor 00000014 geometry ' (0403A2CC)[0]/ (040291BA) [75%]' material=private shell (PBR copy, additive, skin cloned, buffers shared, emissive storage cloned, inflation own skin data (copied))
[11:41:33.019] [info]   recipe Skyrim-92DEC: light on NPC Spine2 [Spn2] x1.00, NPC Pelvis [Pelv] x0.94
[11:41:33.019] [info] actor 00000014 (123): 2 piece(s), 1 recipe(s) applied
[11:41:33.019] [info] actor 00000014: retired 1 recipe(s)
[11:41:33.019] [info] apply armor 040291BA actor 00000014 geometry ' (0403A2CC)[0]/ (040291BA) [75%]' material=private shell (PBR copy, additive, skin cloned, buffers shared, emissive storage cloned, inflation own skin data (copied))
[11:41:33.019] [info] apply armor 040291BA actor 00000014 geometry ' (0403A2CC)[0]/ (040291BA) [75%]' material=private shell (PBR copy, additive, skin cloned, buffers shared, emissive storage cloned, inflation own skin data (copied))
[11:41:33.019] [info]   recipe Skyrim-92DEC: light on NPC Spine2 [Spn2] x1.00, NPC Pelvis [Pelv] x0.94
[11:41:33.019] [info] actor 00000014 (123): 2 piece(s), 1 recipe(s) applied
[11:41:33.957] [info] actor 00000014: retired 1 recipe(s)
[11:41:33.971] [info] apply armor 040291BA actor 00000014 geometry ' (0403A2CC)[0]/ (040291BA) [75%]' material=private shell (PBR copy, additive, skin cloned, buffers shared, emissive storage cloned, inflation own skin data (copied))
[11:41:33.972] [info] apply armor 040291BA actor 00000014 geometry ' (0403A2CC)[0]/ (040291BA) [75%]' material=private shell (PBR copy, additive, skin cloned, buffers shared, emissive storage cloned, inflation own skin data (copied))
[11:41:33.972] [info]   recipe Skyrim-92DEC: light on NPC Spine2 [Spn2] x1.00, NPC Pelvis [Pelv] x0.94
[11:41:33.972] [info] actor 00000014 (123): 2 piece(s), 1 recipe(s) applied
[11:41:48.741] [info] actor 00000014: retired 1 recipe(s)
[11:41:48.741] [info] actor 000DCFF3: retired 1 recipe(s)
[11:41:54.829] [info] apply armor 040291BA actor 00000014 geometry ' (0403A2CC)[0]/ (040291BA) [75%]' material=private shell (PBR copy, additive, skin cloned, buffers shared, emissive storage cloned, inflation own skin data (copied))
[11:41:54.829] [info] apply armor 040291BA actor 00000014 geometry ' (0403A2CC)[0]/ (040291BA) [75%]' material=private shell (PBR copy, additive, skin cloned, buffers shared, emissive storage cloned, inflation own skin data (copied))
[11:41:54.829] [info]   recipe Skyrim-92DEC: light on NPC Spine2 [Spn2] x1.00, NPC Pelvis [Pelv] x0.94
[11:41:54.829] [info] actor 00000014 (123): 2 piece(s), 1 recipe(s) applied
[11:41:54.829] [info] actor 00019A29 (Faida): 3D not loaded, skipped
[11:41:54.829] [info] actor 00026F13 (Julienne Lylvieve): 3D not loaded, skipped
[11:41:54.829] [info] apply armor 000C5D11 actor 000DCFF3 geometry 'robes' material=private shell (PBR copy, additive, skin cloned, buffers shared, emissive storage cloned, inflation own skin data (copied))
[11:41:54.829] [info] actor 000DCFF3 (Novice Storm Mage): 1 piece(s), 1 recipe(s) applied
[11:41:54.829] [info] actor FF00095A (Farmer): 3D not loaded, skipped
[11:45:12.306] [info] actor 00000014: retired 1 recipe(s)
[11:45:12.306] [info] actor 000DCFF3: retired 1 recipe(s)
[11:45:12.307] [info] apply armor 040291BA actor 00000014 geometry ' (0403A2CC)[0]/ (040291BA) [75%]' material=private shell (PBR copy, additive, skin cloned, buffers shared, emissive storage cloned, inflation own skin data (copied))
[11:45:12.307] [info] apply armor 040291BA actor 00000014 geometry ' (0403A2CC)[0]/ (040291BA) [75%]' material=private shell (PBR copy, additive, skin cloned, buffers shared, emissive storage cloned, inflation own skin data (copied))
[11:45:12.307] [info]   recipe Skyrim-92DEC: light on NPC Spine2 [Spn2] x1.00, NPC Pelvis [Pelv] x0.94
[11:45:12.307] [info] actor 00000014 (123): 2 piece(s), 1 recipe(s) applied
[11:45:12.307] [info] actor 00019A29 (Faida): 3D not loaded, skipped
[11:45:12.308] [info] actor 00026F13 (Julienne Lylvieve): 3D not loaded, skipped
[11:45:12.308] [info] apply armor 000C5D11 actor 000DCFF3 geometry 'robes' material=private shell (PBR copy, additive, skin cloned, buffers shared, emissive storage cloned, inflation own skin data (copied))
[11:45:12.308] [info] actor 000DCFF3 (Novice Storm Mage): 1 piece(s), 1 recipe(s) applied
[11:45:12.308] [info] actor FF00095A (Farmer): 3D not loaded, skipped
[11:45:14.866] [info] actor 00000014: retired 1 recipe(s)
[11:45:14.866] [info] actor 000DCFF3: retired 1 recipe(s)
[11:45:14.866] [info] apply armor 040291BA actor 00000014 geometry ' (0403A2CC)[0]/ (040291BA) [75%]' material=private shell (PBR copy, additive, skin cloned, buffers shared, emissive storage cloned, inflation own skin data (copied))
[11:45:14.866] [info] apply armor 040291BA actor 00000014 geometry ' (0403A2CC)[0]/ (040291BA) [75%]' material=private shell (PBR copy, additive, skin cloned, buffers shared, emissive storage cloned, inflation own skin data (copied))
[11:45:14.866] [info]   recipe Skyrim-92DEC: light on NPC Spine2 [Spn2] x1.00, NPC Pelvis [Pelv] x0.94
[11:45:14.866] [info] actor 00000014 (123): 2 piece(s), 1 recipe(s) applied
[11:45:14.866] [info] actor 00019A29 (Faida): 3D not loaded, skipped
[11:45:14.866] [info] actor 00026F13 (Julienne Lylvieve): 3D not loaded, skipped
[11:45:14.867] [info] actor FF00095A (Farmer): 3D not loaded, skipped
[11:45:15.272] [info] actor 00000014: retired 1 recipe(s)
[11:45:15.272] [info] apply armor 040291BA actor 00000014 geometry ' (0403A2CC)[0]/ (040291BA) [75%]' material=private shell (PBR copy, additive, skin cloned, buffers shared, emissive storage cloned, inflation own skin data (copied))
[11:45:15.272] [info] apply armor 040291BA actor 00000014 geometry ' (0403A2CC)[0]/ (040291BA) [75%]' material=private shell (PBR copy, additive, skin cloned, buffers shared, emissive storage cloned, inflation own skin data (copied))
[11:45:15.272] [info]   recipe Skyrim-92DEC: light on NPC Spine2 [Spn2] x1.00, NPC Pelvis [Pelv] x0.94
[11:45:15.272] [info] actor 00000014 (123): 2 piece(s), 1 recipe(s) applied
[11:45:15.273] [info] actor 00019A29 (Faida): 3D not loaded, skipped
[11:45:15.273] [info] actor 00026F13 (Julienne Lylvieve): 3D not loaded, skipped
[11:45:15.273] [info] apply armor 000C5D11 actor 000DCFF3 geometry 'robes' material=private shell (PBR copy, additive, skin cloned, buffers shared, emissive storage cloned, inflation own skin data (copied))
[11:45:15.273] [info] actor 000DCFF3 (Novice Storm Mage): 1 piece(s), 1 recipe(s) applied
[11:45:15.273] [info] actor FF00095A (Farmer): 3D not loaded, skipped
[11:45:15.711] [info] actor 00000014: retired 1 recipe(s)
[11:45:15.711] [info] actor 000DCFF3: retired 1 recipe(s)
[11:45:15.712] [info] apply armor 040291BA actor 00000014 geometry ' (0403A2CC)[0]/ (040291BA) [75%]' material=private shell (PBR copy, additive, skin cloned, buffers shared, emissive storage cloned, inflation own skin data (copied))
[11:45:15.712] [info] apply armor 040291BA actor 00000014 geometry ' (0403A2CC)[0]/ (040291BA) [75%]' material=private shell (PBR copy, additive, skin cloned, buffers shared, emissive storage cloned, inflation own skin data (copied))
[11:45:15.712] [info]   recipe Skyrim-92DEC: light on NPC Spine2 [Spn2] x1.00, NPC Pelvis [Pelv] x0.94
[11:45:15.712] [info] actor 00000014 (123): 2 piece(s), 1 recipe(s) applied
[11:45:15.712] [info] actor 00019A29 (Faida): 3D not loaded, skipped
[11:45:15.712] [info] actor 00026F13 (Julienne Lylvieve): 3D not loaded, skipped
[11:45:15.713] [info] actor FF00095A (Farmer): 3D not loaded, skipped
[11:45:16.117] [info] actor 00000014: retired 1 recipe(s)
[11:45:16.118] [info] apply armor 040291BA actor 00000014 geometry ' (0403A2CC)[0]/ (040291BA) [75%]' material=private shell (PBR copy, additive, skin cloned, buffers shared, emissive storage cloned, inflation own skin data (copied))
[11:45:16.118] [info] apply armor 040291BA actor 00000014 geometry ' (0403A2CC)[0]/ (040291BA) [75%]' material=private shell (PBR copy, additive, skin cloned, buffers shared, emissive storage cloned, inflation own skin data (copied))
[11:45:16.118] [info]   recipe Skyrim-92DEC: light on NPC Spine2 [Spn2] x1.00, NPC Pelvis [Pelv] x0.94
[11:45:16.118] [info] actor 00000014 (123): 2 piece(s), 1 recipe(s) applied
[11:45:16.118] [info] actor 00019A29 (Faida): 3D not loaded, skipped
[11:45:16.118] [info] actor 00026F13 (Julienne Lylvieve): 3D not loaded, skipped
[11:45:16.119] [info] apply armor 000C5D11 actor 000DCFF3 geometry 'robes' material=private shell (PBR copy, additive, skin cloned, buffers shared, emissive storage cloned, inflation own skin data (copied))
[11:45:16.119] [info] actor 000DCFF3 (Novice Storm Mage): 1 piece(s), 1 recipe(s) applied
[11:45:16.119] [info] actor FF00095A (Farmer): 3D not loaded, skipped
[11:45:17.066] [info] actor 00000014: retired 1 recipe(s)
[11:45:17.066] [info] actor 000DCFF3: retired 1 recipe(s)
[11:45:17.067] [info] apply armor 040291BA actor 00000014 geometry ' (0403A2CC)[0]/ (040291BA) [75%]' material=untouched no shell
[11:45:17.067] [info] apply armor 040291BA actor 00000014 geometry ' (0403A2CC)[0]/ (040291BA) [75%]' material=untouched no shell
[11:45:17.067] [info] actor 00000014 (123): 2 piece(s), 1 recipe(s) applied
[11:45:17.067] [info] actor 00019A29 (Faida): 3D not loaded, skipped
[11:45:17.067] [info] actor 00026F13 (Julienne Lylvieve): 3D not loaded, skipped
[11:45:17.067] [info] apply armor 000C5D11 actor 000DCFF3 geometry 'robes' material=private shell (PBR copy, additive, skin cloned, buffers shared, emissive storage cloned, inflation own skin data (copied))
[11:45:17.067] [info] actor 000DCFF3 (Novice Storm Mage): 1 piece(s), 1 recipe(s) applied
[11:45:17.067] [info] actor FF00095A (Farmer): 3D not loaded, skipped
[11:45:27.464] [info] actor 00000014: retired 1 recipe(s)
[11:45:27.464] [info] actor 000DCFF3: retired 1 recipe(s)
[11:45:27.466] [info] recipes: 1295 editor IDs indexed (po3's Tweaks not loaded: only the engine's own)
[11:45:27.468] [info] recipe Skyrim-1F03A loaded from Data\SKSE\Plugins\BetterEnchantmentEffects\recipes\imported\Skyrim-1F03A.json (keys: effectShader:0x1F03A~Skyrim.esm; 18 signals, 4 curves, 6 sources, 1 masks, 5 outputs; imported, not yet edited)
[11:45:27.469] [info] recipe Skyrim-5D606 loaded from Data\SKSE\Plugins\BetterEnchantmentEffects\recipes\imported\Skyrim-5D606.json (keys: effectShader:0x5D606~Skyrim.esm; 18 signals, 4 curves, 6 sources, 1 masks, 5 outputs; imported, not yet edited)
[11:45:27.470] [info] recipe Skyrim-92DE7 loaded from Data\SKSE\Plugins\BetterEnchantmentEffects\recipes\imported\Skyrim-92DE7.json (keys: effectShader:0x92DE7~Skyrim.esm; 18 signals, 4 curves, 6 sources, 1 masks, 5 outputs; imported, not yet edited)
[11:45:27.470] [info] recipe Skyrim-92DE8 loaded from Data\SKSE\Plugins\BetterEnchantmentEffects\recipes\imported\Skyrim-92DE8.json (keys: effectShader:0x92DE8~Skyrim.esm; 18 signals, 4 curves, 6 sources, 1 masks, 5 outputs; imported, not yet edited)
[11:45:27.471] [info] recipe Skyrim-92DE9 loaded from Data\SKSE\Plugins\BetterEnchantmentEffects\recipes\imported\Skyrim-92DE9.json (keys: effectShader:0x92DE9~Skyrim.esm; 18 signals, 4 curves, 6 sources, 1 masks, 5 outputs; imported, not yet edited)
[11:45:27.471] [info] recipe Skyrim-92DEC loaded from Data\SKSE\Plugins\BetterEnchantmentEffects\recipes\imported\Skyrim-92DEC.json (keys: effectShader:0x92DEC~Skyrim.esm; 18 signals, 4 curves, 6 sources, 1 masks, 5 outputs; imported, not yet edited)
[11:45:27.472] [info] recipe Skyrim-92DED loaded from Data\SKSE\Plugins\BetterEnchantmentEffects\recipes\imported\Skyrim-92DED.json (keys: effectShader:0x92DED~Skyrim.esm; 18 signals, 4 curves, 6 sources, 1 masks, 5 outputs; imported, not yet edited)
[11:45:27.473] [info] recipe Skyrim-92DEE loaded from Data\SKSE\Plugins\BetterEnchantmentEffects\recipes\imported\Skyrim-92DEE.json (keys: effectShader:0x92DEE~Skyrim.esm; 18 signals, 4 curves, 6 sources, 1 masks, 5 outputs; imported, not yet edited)
[11:45:27.473] [info] recipe Skyrim-BCF27 loaded from Data\SKSE\Plugins\BetterEnchantmentEffects\recipes\imported\Skyrim-BCF27.json (keys: effectShader:0xBCF27~Skyrim.esm; 14 signals, 4 curves, 2 sources, 1 masks, 4 outputs; imported, not yet edited)
[11:45:27.474] [info] presets: 0 mask presets
[11:45:27.474] [info] recipes: 9 loaded, 0 with errors, 0 unresolved editor IDs, 0 imported this session, folder A:\SteamLibrary\steamapps\common\Skyrim Special Edition\Data\SKSE\Plugins\BetterEnchantmentEffects\recipes
[11:45:27.475] [info] apply armor 040291BA actor 00000014 geometry ' (0403A2CC)[0]/ (040291BA) [75%]' material=private shell (PBR copy, additive, skin cloned, buffers shared, emissive storage cloned, inflation own skin data (copied))
[11:45:27.475] [info] apply armor 040291BA actor 00000014 geometry ' (0403A2CC)[0]/ (040291BA) [75%]' material=private shell (PBR copy, additive, skin cloned, buffers shared, emissive storage cloned, inflation own skin data (copied))
[11:45:27.475] [info]   recipe Skyrim-92DEC: light on NPC Spine2 [Spn2] x1.00, NPC Pelvis [Pelv] x0.94
[11:45:27.475] [info] actor 00000014 (123): 2 piece(s), 1 recipe(s) applied
[11:45:27.475] [info] actor 00019A29 (Faida): 3D not loaded, skipped
[11:45:27.475] [info] actor 00026F13 (Julienne Lylvieve): 3D not loaded, skipped
[11:45:27.476] [info] apply armor 000C5D11 actor 000DCFF3 geometry 'robes' material=private shell (PBR copy, additive, skin cloned, buffers shared, emissive storage cloned, inflation own skin data (copied))
[11:45:27.476] [info] actor 000DCFF3 (Novice Storm Mage): 1 piece(s), 1 recipe(s) applied
[11:45:27.476] [info] actor FF00095A (Farmer): 3D not loaded, skipped
[11:49:11.400] [info] actor 00000014: retired 1 recipe(s)
[11:49:11.400] [info] actor 000DCFF3: retired 1 recipe(s)
[11:49:15.026] [info] apply armor 040291BA actor 00000014 geometry ' (0403A2CC)[0]/ (040291BA) [75%]' material=private shell (PBR copy, additive, skin cloned, buffers shared, emissive storage cloned, inflation own skin data (copied))
[11:49:15.026] [info] apply armor 040291BA actor 00000014 geometry ' (0403A2CC)[0]/ (040291BA) [75%]' material=private shell (PBR copy, additive, skin cloned, buffers shared, emissive storage cloned, inflation own skin data (copied))
[11:49:15.026] [info]   recipe Skyrim-92DEC: light on NPC Spine2 [Spn2] x1.00, NPC Pelvis [Pelv] x0.94
[11:49:15.026] [info] actor 00000014 (123): 2 piece(s), 1 recipe(s) applied
[11:49:15.026] [info] actor 00019A29 (Faida): 3D not loaded, skipped
[11:49:15.026] [info] actor 00026F13 (Julienne Lylvieve): 3D not loaded, skipped
[11:49:15.027] [info] apply armor 000C5D11 actor 000DCFF3 geometry 'robes' material=private shell (PBR copy, additive, skin cloned, buffers shared, emissive storage cloned, inflation own skin data (copied))
[11:49:15.027] [info] actor 000DCFF3 (Novice Storm Mage): 1 piece(s), 1 recipe(s) applied
[11:52:34.627] [info] actor 00000014: retired 1 recipe(s)
[11:52:34.632] [info] apply armor 000FE303 actor 00000014 geometry ' (00098BB2)[0]/ (000FE303) [75%]' material=private shell (PBR copy, additive, skin cloned, buffers shared, emissive storage cloned, inflation own skin data (copied))
[11:52:34.633] [info] apply armor 040291BA actor 00000014 geometry ' (0403A2CC)[0]/ (040291BA) [75%]' material=private shell (PBR copy, additive, skin cloned, buffers shared, emissive storage cloned, inflation own skin data (copied))
[11:52:34.633] [info] apply armor 040291BA actor 00000014 geometry ' (0403A2CC)[0]/ (040291BA) [75%]' material=private shell (PBR copy, additive, skin cloned, buffers shared, emissive storage cloned, inflation own skin data (copied))
[11:52:34.633] [info]   recipe Skyrim-92DED: light on NPC Head [Head] x1.00
[11:52:34.633] [info]   recipe Skyrim-92DEC: light on NPC Spine2 [Spn2] x1.00, NPC Pelvis [Pelv] x0.94
[11:52:34.633] [info] actor 00000014 (123): 3 piece(s), 2 recipe(s) applied
[11:52:34.633] [info] actor 00000014: retired 2 recipe(s)
[11:52:34.634] [info] apply armor 000FE303 actor 00000014 geometry ' (00098BB2)[0]/ (000FE303) [75%]' material=private shell (PBR copy, additive, skin cloned, buffers shared, emissive storage cloned, inflation own skin data (copied))
[11:52:34.634] [info] apply armor 040291BA actor 00000014 geometry ' (0403A2CC)[0]/ (040291BA) [75%]' material=private shell (PBR copy, additive, skin cloned, buffers shared, emissive storage cloned, inflation own skin data (copied))
[11:52:34.635] [info] apply armor 040291BA actor 00000014 geometry ' (0403A2CC)[0]/ (040291BA) [75%]' material=private shell (PBR copy, additive, skin cloned, buffers shared, emissive storage cloned, inflation own skin data (copied))
[11:52:34.635] [info]   recipe Skyrim-92DED: light on NPC Head [Head] x1.00
[11:52:34.635] [info]   recipe Skyrim-92DEC: light on NPC Spine2 [Spn2] x1.00, NPC Pelvis [Pelv] x0.94
[11:52:34.635] [info] actor 00000014 (123): 3 piece(s), 2 recipe(s) applied
[11:52:35.171] [info] actor 00000014: retired 2 recipe(s)
[11:52:35.185] [info] apply armor 000FE303 actor 00000014 geometry ' (00098BB2)[0]/ (000FE303) [75%]' material=private shell (PBR copy, additive, skin cloned, buffers shared, emissive storage cloned, inflation own skin data (copied))
[11:52:35.185] [info] apply armor 040291BA actor 00000014 geometry ' (0403A2CC)[0]/ (040291BA) [75%]' material=private shell (PBR copy, additive, skin cloned, buffers shared, emissive storage cloned, inflation own skin data (copied))
[11:52:35.186] [info] apply armor 040291BA actor 00000014 geometry ' (0403A2CC)[0]/ (040291BA) [75%]' material=private shell (PBR copy, additive, skin cloned, buffers shared, emissive storage cloned, inflation own skin data (copied))
[11:52:35.186] [info]   recipe Skyrim-92DED: light on NPC Head [Head] x1.00
[11:52:35.186] [info]   recipe Skyrim-92DEC: light on NPC Spine2 [Spn2] x1.00, NPC Pelvis [Pelv] x0.94
[11:52:35.186] [info] actor 00000014 (123): 3 piece(s), 2 recipe(s) applied
[11:52:59.549] [info] actor 00000014: retired 2 recipe(s)
[11:52:59.549] [info] apply armor 000FE303 actor 00000014 geometry ' (00098BB2)[0]/ (000FE303) [75%]' material=private shell (PBR copy, additive, skin cloned, buffers shared, emissive storage cloned, inflation own skin data (copied))
[11:52:59.549] [info]   recipe Skyrim-92DED: light on NPC Head [Head] x1.00
[11:52:59.549] [info] actor 00000014 (123): 1 piece(s), 1 recipe(s) applied
[11:53:32.377] [info] actor 000DCFF3: retired 1 recipe(s)
[11:53:32.377] [info] actor 00000014: retired 1 recipe(s)
[11:53:33.238] [info] recipes: 1295 editor IDs indexed (po3's Tweaks not loaded: only the engine's own)
[11:53:33.240] [info] recipe Skyrim-1F03A loaded from Data\SKSE\Plugins\BetterEnchantmentEffects\recipes\imported\Skyrim-1F03A.json (keys: effectShader:0x1F03A~Skyrim.esm; 18 signals, 4 curves, 6 sources, 1 masks, 5 outputs; imported, not yet edited)
[11:53:33.240] [info] recipe Skyrim-5D606 loaded from Data\SKSE\Plugins\BetterEnchantmentEffects\recipes\imported\Skyrim-5D606.json (keys: effectShader:0x5D606~Skyrim.esm; 18 signals, 4 curves, 6 sources, 1 masks, 5 outputs; imported, not yet edited)
[11:53:33.241] [info] recipe Skyrim-92DE7 loaded from Data\SKSE\Plugins\BetterEnchantmentEffects\recipes\imported\Skyrim-92DE7.json (keys: effectShader:0x92DE7~Skyrim.esm; 18 signals, 4 curves, 6 sources, 1 masks, 5 outputs; imported, not yet edited)
[11:53:33.242] [info] recipe Skyrim-92DE8 loaded from Data\SKSE\Plugins\BetterEnchantmentEffects\recipes\imported\Skyrim-92DE8.json (keys: effectShader:0x92DE8~Skyrim.esm; 18 signals, 4 curves, 6 sources, 1 masks, 5 outputs; imported, not yet edited)
[11:53:33.242] [info] recipe Skyrim-92DE9 loaded from Data\SKSE\Plugins\BetterEnchantmentEffects\recipes\imported\Skyrim-92DE9.json (keys: effectShader:0x92DE9~Skyrim.esm; 18 signals, 4 curves, 6 sources, 1 masks, 5 outputs; imported, not yet edited)
[11:53:33.243] [info] recipe Skyrim-92DEC loaded from Data\SKSE\Plugins\BetterEnchantmentEffects\recipes\imported\Skyrim-92DEC.json (keys: effectShader:0x92DEC~Skyrim.esm; 18 signals, 4 curves, 6 sources, 1 masks, 5 outputs; imported, not yet edited)
[11:53:33.243] [info] recipe Skyrim-92DED loaded from Data\SKSE\Plugins\BetterEnchantmentEffects\recipes\imported\Skyrim-92DED.json (keys: effectShader:0x92DED~Skyrim.esm; 18 signals, 4 curves, 6 sources, 1 masks, 5 outputs; imported, not yet edited)
[11:53:33.244] [info] recipe Skyrim-92DEE loaded from Data\SKSE\Plugins\BetterEnchantmentEffects\recipes\imported\Skyrim-92DEE.json (keys: effectShader:0x92DEE~Skyrim.esm; 18 signals, 4 curves, 6 sources, 1 masks, 5 outputs; imported, not yet edited)
[11:53:33.244] [info] recipe Skyrim-BCF27 loaded from Data\SKSE\Plugins\BetterEnchantmentEffects\recipes\imported\Skyrim-BCF27.json (keys: effectShader:0xBCF27~Skyrim.esm; 14 signals, 4 curves, 2 sources, 1 masks, 4 outputs; imported, not yet edited)
[11:53:33.245] [info] presets: 0 mask presets
[11:53:33.245] [info] recipes: 9 loaded, 0 with errors, 0 unresolved editor IDs, 0 imported this session, folder A:\SteamLibrary\steamapps\common\Skyrim Special Edition\Data\SKSE\Plugins\BetterEnchantmentEffects\recipes
[11:53:33.245] [info] apply armor 000FE303 actor 00000014 geometry ' (00098BB2)[0]/ (000FE303) [75%]' material=private shell (PBR copy, additive, skin cloned, buffers shared, emissive storage cloned, inflation own skin data (copied))
[11:53:33.245] [info]   recipe Skyrim-92DED: light on NPC Head [Head] x1.00
[11:53:33.245] [info] actor 00000014 (123): 1 piece(s), 1 recipe(s) applied
[11:53:33.245] [info] actor 00019A29 (Faida): 3D not loaded, skipped
[11:53:33.245] [info] actor 00026F13 (Julienne Lylvieve): 3D not loaded, skipped
[11:53:33.246] [info] apply armor 000C5D11 actor 000DCFF3 geometry 'robes' material=private shell (PBR copy, additive, skin cloned, buffers shared, emissive storage cloned, inflation own skin data (copied))
[11:53:33.246] [info] actor 000DCFF3 (Novice Storm Mage): 1 piece(s), 1 recipe(s) applied
[11:54:56.498] [info] actor 00000014: retired 1 recipe(s)
[11:54:56.498] [info] apply armor 000FE303 actor 00000014 geometry ' (00098BB2)[0]/ (000FE303) [75%]' material=private shell (PBR copy, additive, skin cloned, buffers shared, emissive storage cloned, inflation own skin data (copied))
[11:54:56.502] [info] apply armor 000FE300 actor 00000014 geometry 'TorsoLow:0' material=private shell (PBR copy, additive, skin cloned, buffers shared, emissive storage cloned, inflation own skin data (copied))
[11:54:56.503] [info] apply armor 000FE300 actor 00000014 geometry ' (00098BB3)[0]/ (000FE300) [75%]' material=private shell (PBR copy, additive, skin cloned, buffers shared, emissive storage cloned, inflation own skin data (copied))
[11:54:56.503] [info]   recipe Skyrim-92DED: light on NPC Head [Head] x1.00
[11:54:56.503] [info]   recipe Skyrim-92DEC: light on NPC Spine2 [Spn2] x1.00, NPC Pelvis [Pelv] x0.56
[11:54:56.503] [info] actor 00000014 (123): 3 piece(s), 2 recipe(s) applied
[11:54:57.108] [info] actor 00000014: retired 2 recipe(s)
[11:54:57.123] [info] apply armor 000FE303 actor 00000014 geometry ' (00098BB2)[0]/ (000FE303) [75%]' material=private shell (PBR copy, additive, skin cloned, buffers shared, emissive storage cloned, inflation own skin data (copied))
[11:54:57.123] [info] apply armor 000FE300 actor 00000014 geometry 'TorsoLow:0' material=private shell (PBR copy, additive, skin cloned, buffers shared, emissive storage cloned, inflation own skin data (copied))
[11:54:57.124] [info] apply armor 000FE300 actor 00000014 geometry ' (00098BB3)[0]/ (000FE300) [75%]' material=private shell (PBR copy, additive, skin cloned, buffers shared, emissive storage cloned, inflation own skin data (copied))
[11:54:57.124] [info]   recipe Skyrim-92DED: light on NPC Head [Head] x1.00
[11:54:57.124] [info]   recipe Skyrim-92DEC: light on NPC Spine2 [Spn2] x1.00, NPC Pelvis [Pelv] x0.56
[11:54:57.124] [info] actor 00000014 (123): 3 piece(s), 2 recipe(s) applied
