[15:10:52.496] [info] BetterEnchantmentEffects 0-1-0-0 loading on runtime 1-6-1170-0
[15:11:04.084] [info] kDataLoaded
[15:11:04.092] [info] settings loaded from A:\SteamLibrary\steamapps\common\Skyrim Special Edition\Data\SKSE\Plugins\BetterEnchantmentEffects.ini:
[15:11:04.092] [info]   [General]
[15:11:04.092] [info]   PlayerOnly=false
[15:11:04.092] [info]   EnableShaders=true
[15:11:04.092] [info]   ThirdPerson=true
[15:11:04.092] [info]   FirstPerson=true
[15:11:04.092] [info]   UniqueMaterial=true
[15:11:04.092] [info]   VerboseLogging=true
[15:11:04.092] [info]   AnimationFPS=60
[15:11:04.092] [info]   AnimationSpeed=1
[15:11:04.092] [info]   TextureScale=Full
[15:11:04.093] [info] recipes: 1295 editor IDs indexed (po3's Tweaks not loaded: only the engine's own)
[15:11:04.102] [info] recipe Skyrim-1F03A loaded from Data\SKSE\Plugins\BetterEnchantmentEffects\recipes\imported\Skyrim-1F03A.json (keys: effectShader:0x1F03A~Skyrim.esm; 18 signals, 4 curves, 6 sources, 1 masks, 5 outputs; imported, not yet edited)
[15:11:04.109] [info] recipe Skyrim-5D606 loaded from Data\SKSE\Plugins\BetterEnchantmentEffects\recipes\imported\Skyrim-5D606.json (keys: effectShader:0x5D606~Skyrim.esm; 18 signals, 4 curves, 6 sources, 1 masks, 5 outputs; imported, not yet edited)
[15:11:04.116] [info] recipe Skyrim-92DE7 loaded from Data\SKSE\Plugins\BetterEnchantmentEffects\recipes\imported\Skyrim-92DE7.json (keys: effectShader:0x92DE7~Skyrim.esm; 18 signals, 4 curves, 6 sources, 1 masks, 5 outputs; imported, not yet edited)
[15:11:04.123] [info] recipe Skyrim-92DE8 loaded from Data\SKSE\Plugins\BetterEnchantmentEffects\recipes\imported\Skyrim-92DE8.json (keys: effectShader:0x92DE8~Skyrim.esm; 18 signals, 4 curves, 6 sources, 1 masks, 5 outputs; imported, not yet edited)
[15:11:04.132] [info] recipe Skyrim-92DE9 loaded from Data\SKSE\Plugins\BetterEnchantmentEffects\recipes\imported\Skyrim-92DE9.json (keys: effectShader:0x92DE9~Skyrim.esm; 18 signals, 4 curves, 6 sources, 1 masks, 5 outputs; imported, not yet edited)
[15:11:04.139] [info] recipe Skyrim-92DEC loaded from Data\SKSE\Plugins\BetterEnchantmentEffects\recipes\imported\Skyrim-92DEC.json (keys: effectShader:0x92DEC~Skyrim.esm; 18 signals, 4 curves, 6 sources, 1 masks, 5 outputs; imported, not yet edited)
[15:11:04.147] [info] recipe Skyrim-92DED loaded from Data\SKSE\Plugins\BetterEnchantmentEffects\recipes\imported\Skyrim-92DED.json (keys: effectShader:0x92DED~Skyrim.esm; 18 signals, 4 curves, 6 sources, 1 masks, 5 outputs; imported, not yet edited)
[15:11:04.154] [info] recipe Skyrim-92DEE loaded from Data\SKSE\Plugins\BetterEnchantmentEffects\recipes\imported\Skyrim-92DEE.json (keys: effectShader:0x92DEE~Skyrim.esm; 18 signals, 4 curves, 6 sources, 1 masks, 5 outputs; imported, not yet edited)
[15:11:04.162] [info] recipe Skyrim-BCF27 loaded from Data\SKSE\Plugins\BetterEnchantmentEffects\recipes\imported\Skyrim-BCF27.json (keys: effectShader:0xBCF27~Skyrim.esm; 14 signals, 4 curves, 2 sources, 1 masks, 4 outputs; imported, not yet edited)
[15:11:04.168] [info] recipe abc loaded from Data\SKSE\Plugins\BetterEnchantmentEffects\recipes\user\abc.json (keys: effectShader:0x92DEC~Skyrim.esm; 0 signals, 0 curves, 0 sources, 0 masks, 1 outputs)
[15:11:04.168] [warning] recipe Skyrim-92DEC: key effectShader:0x92DEC~Skyrim.esm is owned by recipe abc (loaded later); Skyrim-92DEC does not resolve by it
[15:11:04.174] [info] presets: 0 mask presets
[15:11:04.175] [info] recipes: 10 loaded, 0 with errors, 0 unresolved editor IDs, 0 imported this session, folder A:\SteamLibrary\steamapps\common\Skyrim Special Edition\Data\SKSE\Plugins\BetterEnchantmentEffects\recipes
[15:11:04.175] [info] SKSE Menu Framework pages registered
[15:11:04.175] [info] event sinks registered
[15:11:04.175] [info] hooked PlayerCharacter::Update (vfunc 0xad)
[15:11:11.585] [info] kPreLoadGame
[15:11:11.585] [info] cleared 0 actor states
[15:11:17.939] [info] kPostLoadGame
[15:11:18.323] [info] PBR material layout check passed
[15:11:18.559] [info] TextureLab: ready (runtime layer textures)
[15:11:18.566] [info] apply armor 000CF80F actor 00000014 geometry ' (00036198)[0]/ (000CF80F) [75%]' material=private shell (PBR copy, additive, skin cloned, buffers shared, emissive storage cloned, inflation own skin data (copied))
[15:11:18.567] [info] apply armor 000FE2FF actor 00000014 geometry 'TorsoLow:0' material=private no shell
[15:11:18.567] [info] apply armor 000FE2FF actor 00000014 geometry ' (00098BB3)[0]/ (000FE2FF) [75%]' material=private no shell
[15:11:18.567] [info]   recipe Skyrim-92DED: light on NPC Head [Head] x1.00
[15:11:18.567] [info] actor 00000014 (123): 3 piece(s), 2 recipe(s) applied
[15:11:18.567] [info] apply armor 000FE300 actor FF00095A geometry 'TorsoLow:0' material=private no shell
[15:11:18.567] [info] actor FF00095A (Faendal): 1 piece(s), 1 recipe(s) applied
[15:14:19.835] [info] kPreLoadGame
[15:14:19.835] [info] cleared 2 actor states
[15:14:20.630] [info] kPostLoadGame
[15:14:20.727] [info] apply armor 000CF80F actor 00000014 geometry ' (00036198)[0]/ (000CF80F) [75%]' material=private shell (PBR copy, additive, skin cloned, buffers shared, emissive storage cloned, inflation own skin data (copied))
[15:14:20.727] [info] apply armor 000FE2FF actor 00000014 geometry 'TorsoLow:0' material=private no shell
[15:14:20.728] [info] apply armor 000FE2FF actor 00000014 geometry ' (00098BB3)[0]/ (000FE2FF) [75%]' material=private no shell
[15:14:20.728] [info]   recipe Skyrim-92DED: light on NPC Head [Head] x1.00
[15:14:20.728] [info] actor 00000014 (123): 3 piece(s), 2 recipe(s) applied
[15:14:20.728] [info] apply armor 000FE300 actor FF00095A geometry 'TorsoLow:0' material=private no shell
[15:14:20.728] [info] actor FF00095A (Faendal): 1 piece(s), 1 recipe(s) applied
