warning: Git tree '/home/nixos/projects/skyrim-modding/plugins/WornEnchantmentPBR' is dirty
[0/2] Re-checking globbed directories...
[1/23] cd /home/nixos/projects/skyrim-modding/plugins/WornEnchantmentPBR/build/Release && /nix/store/sf04j9dpyn2hqa7ad1x3psyxsxhiqb8g-python3-3.14.7-env/bin/python3 /home/nixos/projects/skyrim-modding/plugins/WornEnchantmentPBR/tools/presenter-textures.py --output /home/nixos/projects/skyrim-modding/plugins/WornEnchantmentPBR/dist/BetterEnchantmentEffects/textures/BetterEnchantmentEffects/slots
[2/23] cd /home/nixos/projects/skyrim-modding/plugins/WornEnchantmentPBR/build/Release && /nix/store/sf04j9dpyn2hqa7ad1x3psyxsxhiqb8g-python3-3.14.7-env/bin/python3 /home/nixos/projects/skyrim-modding/plugins/WornEnchantmentPBR/tools/build-identity.py --root /home/nixos/projects/skyrim-modding/plugins/WornEnchantmentPBR --output /home/nixos/projects/skyrim-modding/plugins/WornEnchantmentPBR/build/Release/generated --config Release
[3/23] Building CXX object CMakeFiles/BetterEnchantmentEffectsNative.dir/src/studio/Board.cpp.obj
[4/23] Building CXX object CMakeFiles/BetterEnchantmentEffectsNative.dir/src/studio/FieldCheck.cpp.obj
[5/23] Building CXX object CMakeFiles/BetterEnchantmentEffectsNative.dir/src/studio/Fields.cpp.obj
[6/23] Building CXX object CMakeFiles/BetterEnchantmentEffectsNative.dir/src/studio/Navigation.cpp.obj
[7/23] Building CXX object CMakeFiles/BetterEnchantmentEffectsNative.dir/src/studio/Panels.cpp.obj
[8/23] Building CXX object CMakeFiles/BetterEnchantmentEffectsNative.dir/src/studio/Selection.cpp.obj
[9/23] Building CXX object CMakeFiles/BetterEnchantmentEffectsNative.dir/src/studio/MenuState.cpp.obj
[10/23] Building CXX object CMakeFiles/BetterEnchantmentEffectsNative.dir/src/studio/Forms.cpp.obj
[11/23] Building CXX object CMakeFiles/BetterEnchantmentEffects.dir/src/main.cpp.obj
[12/23] Building CXX object CMakeFiles/BetterEnchantmentEffectsNative.dir/src/studio/TermTemplates.cpp.obj
[13/23] Building CXX object CMakeFiles/BetterEnchantmentEffects.dir/src/menu/BoardPage.cpp.obj
[14/23] Building CXX object CMakeFiles/BetterEnchantmentEffects.dir/src/menu/ContextRows.cpp.obj
[15/23] Building CXX object CMakeFiles/BetterEnchantmentEffects.dir/src/menu/FormDraw.cpp.obj
[16/23] Building CXX object CMakeFiles/BetterEnchantmentEffects.dir/src/menu/MenuWidgets.cpp.obj
[17/23] Building CXX object CMakeFiles/BetterEnchantmentEffects.dir/src/menu/Menu.cpp.obj
[18/23] Building CXX object CMakeFiles/BetterEnchantmentEffects.dir/src/menu/RecipesPage.cpp.obj
[19/23] Building CXX object CMakeFiles/BetterEnchantmentEffects.dir/src/menu/PaintPanel.cpp.obj
[20/23] Building CXX object CMakeFiles/BetterEnchantmentEffects.dir/src/menu/ResourcePanels.cpp.obj
[21/23] Building CXX object CMakeFiles/BetterEnchantmentEffects.dir/src/menu/SetupPage.cpp.obj
[22/23] Linking CXX shared library BetterEnchantmentEffects.dll
