warning: Git tree '/home/nixos/projects/skyrim-modding/plugins/WornEnchantmentPBR' is dirty
error (ignored): SQLite database '/home/nixos/.cache/nix/eval-cache-v6/7df82b04b93af9960c129aab44622ee08c057192ec69bbb54e698b9ab6005963.sqlite' is busy
tidy src/engine/Hooks.cpp
tidy src/engine/ManagerShared.cpp
tidy src/planners/TransformStorage.cpp
tidy src/engine/ManagerInspection.cpp
tidy src/render/SourceSampling.cpp
tidy src/planners/BindingPlan.cpp
tidy src/studio/SourcePlan.cpp
tidy src/studio/ResolveOutput.cpp
tidy src/engine/ManagerEvents.cpp
tidy src/render/SkinData.cpp
tidy src/mesh/MeshFacts.cpp
tidy src/render/TextureRef.cpp
tidy src/render/PBRMaterial.cpp
tidy src/planners/StackPlan.cpp
tidy src/studio/SelectorEdit.cpp
tidy src/studio/RecipeSnapshot.cpp
tidy src/studio/Isolation.cpp
tidy src/studio/FieldParsing.cpp
tidy src/studio/Mask.cpp
tidy src/engine/Environment.cpp
tidy src/engine/Manager.cpp
tidy src/recipe/Efsh.cpp
tidy src/render/TexturePreviews.cpp
tidy src/studio/Board.cpp
tidy src/engine/EngineForms.cpp
tidy src/SettingsFile.cpp
tidy src/main.cpp
tidy src/studio/Names.cpp
tidy src/planners/ActorPlanning.cpp
tidy src/engine/Events.cpp
tidy src/recipe/Resolve.cpp
tidy src/planners/ActorState.cpp
tidy src/studio/PaintSession.cpp
tidy src/studio/Navigation.cpp
tidy src/studio/Rows.cpp
tidy src/diagnostics/Trace.cpp
tidy src/studio/Presets.cpp
tidy src/studio/Selection.cpp
tidy src/engine/ManagerApplication.cpp
tidy src/recipe/Recipe.cpp
tidy src/menu/BoardPage.cpp
tidy src/studio/SourceRows.cpp
tidy src/recipe/Merge.cpp
tidy src/engine/SessionQueue.cpp
tidy src/menu/RecipesPage.cpp
tidy src/menu/Menu.cpp
tidy src/menu/SetupPage.cpp
tidy src/render/SkinPalette.cpp
tidy src/studio/Panels.cpp
tidy src/Settings.cpp
tidy src/render/RenderTargetPool.cpp
tidy src/render/ShaderSource.cpp
tidy src/render/RuntimeTexturesLab.cpp
tidy src/render/Light.cpp
tidy src/studio/FieldCheck.cpp
tidy src/render/CompositorBake.cpp
tidy src/render/RuntimeTexturesReadback.cpp
tidy src/engine/MeshReader.cpp
tidy src/mesh/MaterialClusters.cpp
tidy src/engine/ApplicationService.cpp
tidy src/menu/StackPanel.cpp
tidy src/studio/Fields.cpp
tidy src/render/Compositor.cpp
tidy src/mesh/Islands.cpp
tidy src/engine/ManagerTick.cpp
tidy src/mesh/Mesh.cpp
tidy src/menu/StudioPage.cpp
tidy src/menu/ResourcePanels.cpp
tidy src/recipe/Importer.cpp
tidy src/menu/FormDraw.cpp
tidy src/engine/ManagerSnapshot.cpp
tidy src/engine/RecipeEditor.cpp
tidy src/studio/MenuState.cpp
tidy src/render/Binding.cpp
tidy src/recipe/Vocabulary.cpp
tidy src/render/Shell.cpp
tidy src/recipe/Expression.cpp
tidy src/engine/RecipeStore.cpp
tidy src/menu/ContextRows.cpp
tidy src/recipe/RecipeWrite.cpp
tidy src/menu/PaintPanel.cpp
tidy src/engine/ManagerApply.cpp
tidy src/studio/TermTemplates.cpp
tidy src/menu/MenuWidgets.cpp
tidy src/render/RuntimeTexturesPass.cpp
tidy src/render/CompositorSource.cpp
tidy src/recipe/Signals.cpp
tidy src/recipe/RecipeRead.cpp
tidy src/studio/Forms.cpp
tidy src/studio/Edits.cpp

# clang-tidy: 12 of 90 files have fresh results, 22 findings

       19 [readability-function-size]
        2 [readability-redundant-member-init]
        1 [readability-function-cognitive-complexity]
