warning: Git tree '/home/nixos/projects/skyrim-modding/plugins/WornEnchantmentPBR' is dirty
== recipe_efsh_tests
all 33 efsh checks passed
== recipe_expression_tests
all 141 expression checks passed
== recipe_expressionoperations_tests
all 107 expression operations checks passed
== recipe_importer_tests
all 76 importer checks passed
== recipe_merge_tests
all 36 merge checks passed
== recipe_recipe_tests
all 67 recipe checks passed
== recipe_referencetypes_tests
all 29 reference types checks passed
== recipe_signals_tests
all 55 signals checks passed
== mesh_islands_tests
all 36 islands checks passed
== mesh_materialclusters_tests
all 24 materialclusters checks passed
== mesh_mesh_tests
all 49 mesh checks passed
== mesh_meshfacts_tests
all 14 meshfacts checks passed
== mesh_texturesize_tests
all 5 texturesize checks passed
== studio_board_tests
all 14 studio_board checks passed
== studio_edits_tests
all 143 studio_edits checks passed
== studio_expressionrename_tests
/nix/store/5pa1282x1sasbwhmnah6bny1g9pc2lj1-binutils-2.46/bin/ld.bfd: build/native-tests-clang++-sanitized/src_studio_MenuState.cpp.o: in function `BetterEnchantmentEffects::Studio::AcknowledgeEditorOperations(BetterEnchantmentEffects::Studio::MenuState&, BetterEnchantmentEffects::Studio::Snapshot const&)':
/home/nixos/projects/skyrim-modding/plugins/WornEnchantmentPBR/src/studio/MenuState.cpp:545:(.text+0x1a29): undefined reference to `BetterEnchantmentEffects::Studio::AcknowledgeIndexedEdit(std::optional<BetterEnchantmentEffects::Studio::PendingIndexedEdit>&, BetterEnchantmentEffects::Studio::RecipeEditResult const*)'
clang++: error: linker command failed with exit code 1 (use -v to see invocation)
== studio_fieldcheck_tests
/nix/store/5pa1282x1sasbwhmnah6bny1g9pc2lj1-binutils-2.46/bin/ld.bfd: build/native-tests-clang++-sanitized/src_studio_MenuState.cpp.o: in function `BetterEnchantmentEffects::Studio::AcknowledgeEditorOperations(BetterEnchantmentEffects::Studio::MenuState&, BetterEnchantmentEffects::Studio::Snapshot const&)':
/home/nixos/projects/skyrim-modding/plugins/WornEnchantmentPBR/src/studio/MenuState.cpp:545:(.text+0x1a29): undefined reference to `BetterEnchantmentEffects::Studio::AcknowledgeIndexedEdit(std::optional<BetterEnchantmentEffects::Studio::PendingIndexedEdit>&, BetterEnchantmentEffects::Studio::RecipeEditResult const*)'
clang++: error: linker command failed with exit code 1 (use -v to see invocation)
== studio_fields_tests
/nix/store/5pa1282x1sasbwhmnah6bny1g9pc2lj1-binutils-2.46/bin/ld.bfd: build/native-tests-clang++-sanitized/src_studio_MenuState.cpp.o: in function `BetterEnchantmentEffects::Studio::AcknowledgeEditorOperations(BetterEnchantmentEffects::Studio::MenuState&, BetterEnchantmentEffects::Studio::Snapshot const&)':
/home/nixos/projects/skyrim-modding/plugins/WornEnchantmentPBR/src/studio/MenuState.cpp:545:(.text+0x1a29): undefined reference to `BetterEnchantmentEffects::Studio::AcknowledgeIndexedEdit(std::optional<BetterEnchantmentEffects::Studio::PendingIndexedEdit>&, BetterEnchantmentEffects::Studio::RecipeEditResult const*)'
clang++: error: linker command failed with exit code 1 (use -v to see invocation)
== studio_history_tests
/nix/store/5pa1282x1sasbwhmnah6bny1g9pc2lj1-binutils-2.46/bin/ld.bfd: build/native-tests-clang++-sanitized/src_studio_MenuState.cpp.o: in function `BetterEnchantmentEffects::Studio::AcknowledgeEditorOperations(BetterEnchantmentEffects::Studio::MenuState&, BetterEnchantmentEffects::Studio::Snapshot const&)':
/home/nixos/projects/skyrim-modding/plugins/WornEnchantmentPBR/src/studio/MenuState.cpp:545:(.text+0x1a29): undefined reference to `BetterEnchantmentEffects::Studio::AcknowledgeIndexedEdit(std::optional<BetterEnchantmentEffects::Studio::PendingIndexedEdit>&, BetterEnchantmentEffects::Studio::RecipeEditResult const*)'
clang++: error: linker command failed with exit code 1 (use -v to see invocation)
== studio_isolation_tests
